=== Using options:--aggressive-branch-removal
0804826D: warning: Expected sizes of arrays to have been determined by now
0804826D: warning: Expected sizes of arrays to have been determined by now
